error: #[pyclass] cannot have generic parameters
 --> tests/ui/reject_generics.rs:4:25
  |
4 | struct ClassWithGenerics<A> {
  |                         ^
